
> prepforge@0.0.0 build
> tsc -b && vite build

src/App.tsx(5,28): error TS2307: Cannot find module './pages/CodingPractice' or its corresponding type declarations.
src/pages/Roadmaps.tsx(12,26): error TS2307: Cannot find module '../data/roadmaps' or its corresponding type declarations.
src/pages/Roadmaps.tsx(13,34): error TS2307: Cannot find module '../data/roadmaps' or its corresponding type declarations.
src/pages/Roadmaps.tsx(52,28): error TS7006: Parameter 'level' implicitly has an 'any' type.
src/pages/Roadmaps.tsx(53,28): error TS7006: Parameter 'topic' implicitly has an 'any' type.
src/pages/Roadmaps.tsx(139,28): error TS7006: Parameter 'roadmap' implicitly has an 'any' type.
src/pages/Roadmaps.tsx(221,48): error TS7006: Parameter 'level' implicitly has an 'any' type.
src/pages/Roadmaps.tsx(221,55): error TS7006: Parameter 'levelIdx' implicitly has an 'any' type.
src/pages/Roadmaps.tsx(235,44): error TS7006: Parameter 'topic' implicitly has an 'any' type.
src/pages/Roadmaps.tsx(273,50): error TS7006: Parameter 'project' implicitly has an 'any' type.
src/pages/Roadmaps.tsx(273,59): error TS7006: Parameter 'idx' implicitly has an 'any' type.
